// Jest Snapshot v1, https://goo.gl/fbAQLP

exports[`default export 1`] = `
{
  "addLineNumbers": [Function],
  "cleanupKeywords": [Function],
  "findJSDocKeywords": [Function],
  "formatComment": [Function],
  "getExample": [Function],
  "groupContiguousBlocks": [Function],
  "handleSpecificKeywords": [Function],
  "isJSDocComment": [Function],
  "j2": [Function],
  "lines": [Function],
  "matchLinks": [Function],
  "nixKeyword": [Function],
  "objectifyComments": [Function],
  "parse": [Function],
  "parseFile": [Function],
  "slug": [Function],
  "stripLeadingHyphen": [Function],
  "stripRelative": [Function],
  "structureKeywords": [Function],
  "trimComment": [Function],
  "trimSummary": [Function],
  "unlines": [Function],
  "wipeComment": [Function],
}
`;
