// Jest Snapshot v1, https://goo.gl/fbAQLP

exports[`doctor-general -i fixture/fake-pkg.json -a fixture/generated.json -o fixture/__generated__ 1`] = `""`;

exports[`doctor-general -i fixture/fake-pkg.json -a fixture/generated.json -o fixture/__generated__ 2`] = `
[
  {
    "comments": [
      {
        "addTo": "",
        "end": 11,
        "fileGroup": "",
        "filename": "fixture/pkg/one/main.ts",
        "keywords": [
          "@example",
          "@name",
        ],
        "lines": [
          "A curried binary addition function",
          "@name add",
          "@example",
          "\`\`\`ts live=true",
          "import { add } from './fixture'",
          "*",
          "add(10)(20) === 30",
          "\`\`\`",
        ],
        "links": [],
        "start": 2,
        "structure": {
          "example": "\`\`\`ts live=true
import { add } from './fixture'

add(10)(20) === 30
\`\`\`",
          "name": "add",
        },
        "summary": "A curried binary addition function",
      },
    ],
    "filename": "fixture/pkg/one/main.ts",
    "links": [],
    "order": 0,
    "pageSummary": "",
    "slugName": "main",
    "workspace": "pkg",
  },
  {
    "comments": [
      {
        "addTo": "",
        "end": 12,
        "fileGroup": "",
        "filename": "fixture/pkg/three/three.js",
        "keywords": [
          "@example",
          "@link",
          "@name",
          "@see",
        ],
        "lines": [
          "A curried binary addition function",
          "@name add",
          "@see {@link cool}",
          "@example",
          "\`\`\`ts live=true",
          "import { add } from './fixture'",
          "*",
          "add(10)(20) === 30",
          "\`\`\`",
        ],
        "links": [
          "cool",
        ],
        "start": 2,
        "structure": {
          "example": "\`\`\`ts live=true
import { add } from './fixture'

add(10)(20) === 30
\`\`\`",
          "name": "add",
          "see": [
            "cool",
          ],
        },
        "summary": "A curried binary addition function",
      },
    ],
    "filename": "fixture/pkg/three/three.js",
    "links": [
      "cool",
    ],
    "order": 0,
    "pageSummary": "",
    "slugName": "three",
    "workspace": "pkg",
  },
  {
    "comments": [
      {
        "addTo": "",
        "end": 4,
        "fileGroup": "",
        "filename": "fixture/pkg/two/two.ts",
        "keywords": [
          "@page",
        ],
        "lines": [
          "@page minus",
        ],
        "links": [],
        "start": 2,
        "structure": {
          "detail": 2,
          "name": "minus",
          "page": "minus",
        },
        "summary": "@page minus",
      },
      {
        "addTo": "",
        "end": 15,
        "fileGroup": "",
        "filename": "fixture/pkg/two/two.ts",
        "keywords": [
          "@example",
          "@link",
          "@name",
        ],
        "lines": [
          "A curried binary addition function. {@link inlineDetail} Hey there!",
          "@name add",
          "@example",
          "\`\`\`ts live=true",
          "import { add } from './fixture'",
          "*",
          "add(10)(20) === 30",
          "\`\`\`",
        ],
        "links": [
          "inlineDetail",
        ],
        "start": 6,
        "structure": {
          "A": [
            "curried",
            "binary",
            "addition",
            "function.",
            "{link",
            "inlineDetail}",
            "Hey",
            "there!",
          ],
          "example": "\`\`\`ts live=true
import { add } from './fixture'

add(10)(20) === 30
\`\`\`",
          "name": "add",
        },
        "summary": "A curried binary addition function. {@link inlineDetail} Hey there!",
      },
    ],
    "filename": "fixture/pkg/two/two.ts",
    "links": [
      "inlineDetail",
    ],
    "order": 0,
    "pageSummary": "",
    "pageTitle": "minus",
    "slugName": "two",
    "workspace": "pkg",
  },
]
`;
